Archive member included to satisfy reference by file (symbol)

/Applications/STM32CubeIDE.app/Contents/Eclipse/plugins/com.st.stm32cube.ide.mcu.externaltools.gnu-tools-for-stm32.10.3-2021.10.macos64_1.0.100.202210260954/tools/bin/../lib/gcc/arm-none-eabi/10.3.1/../../../../arm-none-eabi/lib/thumb/v7e-m+fp/hard/libc_nano.a(lib_a-errno.o)
                              ./Core/Src/syscalls.o (__errno)
/Applications/STM32CubeIDE.app/Contents/Eclipse/plugins/com.st.stm32cube.ide.mcu.externaltools.gnu-tools-for-stm32.10.3-2021.10.macos64_1.0.100.202210260954/tools/bin/../lib/gcc/arm-none-eabi/10.3.1/../../../../arm-none-eabi/lib/thumb/v7e-m+fp/hard/libc_nano.a(lib_a-exit.o)
                              /Applications/STM32CubeIDE.app/Contents/Eclipse/plugins/com.st.stm32cube.ide.mcu.externaltools.gnu-tools-for-stm32.10.3-2021.10.macos64_1.0.100.202210260954/tools/bin/../lib/gcc/arm-none-eabi/10.3.1/../../../../arm-none-eabi/lib/thumb/v7e-m+fp/hard/crt0.o (exit)
/Applications/STM32CubeIDE.app/Contents/Eclipse/plugins/com.st.stm32cube.ide.mcu.externaltools.gnu-tools-for-stm32.10.3-2021.10.macos64_1.0.100.202210260954/tools/bin/../lib/gcc/arm-none-eabi/10.3.1/../../../../arm-none-eabi/lib/thumb/v7e-m+fp/hard/libc_nano.a(lib_a-impure.o)
                              /Applications/STM32CubeIDE.app/Contents/Eclipse/plugins/com.st.stm32cube.ide.mcu.externaltools.gnu-tools-for-stm32.10.3-2021.10.macos64_1.0.100.202210260954/tools/bin/../lib/gcc/arm-none-eabi/10.3.1/../../../../arm-none-eabi/lib/thumb/v7e-m+fp/hard/libc_nano.a(lib_a-exit.o) (_global_impure_ptr)
/Applications/STM32CubeIDE.app/Contents/Eclipse/plugins/com.st.stm32cube.ide.mcu.externaltools.gnu-tools-for-stm32.10.3-2021.10.macos64_1.0.100.202210260954/tools/bin/../lib/gcc/arm-none-eabi/10.3.1/../../../../arm-none-eabi/lib/thumb/v7e-m+fp/hard/libc_nano.a(lib_a-init.o)
                              /Applications/STM32CubeIDE.app/Contents/Eclipse/plugins/com.st.stm32cube.ide.mcu.externaltools.gnu-tools-for-stm32.10.3-2021.10.macos64_1.0.100.202210260954/tools/bin/../lib/gcc/arm-none-eabi/10.3.1/../../../../arm-none-eabi/lib/thumb/v7e-m+fp/hard/crt0.o (__libc_init_array)
/Applications/STM32CubeIDE.app/Contents/Eclipse/plugins/com.st.stm32cube.ide.mcu.externaltools.gnu-tools-for-stm32.10.3-2021.10.macos64_1.0.100.202210260954/tools/bin/../lib/gcc/arm-none-eabi/10.3.1/../../../../arm-none-eabi/lib/thumb/v7e-m+fp/hard/libc_nano.a(lib_a-memset.o)
                              /Applications/STM32CubeIDE.app/Contents/Eclipse/plugins/com.st.stm32cube.ide.mcu.externaltools.gnu-tools-for-stm32.10.3-2021.10.macos64_1.0.100.202210260954/tools/bin/../lib/gcc/arm-none-eabi/10.3.1/../../../../arm-none-eabi/lib/thumb/v7e-m+fp/hard/crt0.o (memset)
/Applications/STM32CubeIDE.app/Contents/Eclipse/plugins/com.st.stm32cube.ide.mcu.externaltools.gnu-tools-for-stm32.10.3-2021.10.macos64_1.0.100.202210260954/tools/bin/../lib/gcc/arm-none-eabi/10.3.1/thumb/v7e-m+fp/hard/libgcc.a(_aeabi_uldivmod.o)
                              ./Drivers/STM32F4xx_HAL_Driver/Src/stm32f4xx_hal_rcc.o (__aeabi_uldivmod)
/Applications/STM32CubeIDE.app/Contents/Eclipse/plugins/com.st.stm32cube.ide.mcu.externaltools.gnu-tools-for-stm32.10.3-2021.10.macos64_1.0.100.202210260954/tools/bin/../lib/gcc/arm-none-eabi/10.3.1/thumb/v7e-m+fp/hard/libgcc.a(_udivmoddi4.o)
                              /Applications/STM32CubeIDE.app/Contents/Eclipse/plugins/com.st.stm32cube.ide.mcu.externaltools.gnu-tools-for-stm32.10.3-2021.10.macos64_1.0.100.202210260954/tools/bin/../lib/gcc/arm-none-eabi/10.3.1/thumb/v7e-m+fp/hard/libgcc.a(_aeabi_uldivmod.o) (__udivmoddi4)
/Applications/STM32CubeIDE.app/Contents/Eclipse/plugins/com.st.stm32cube.ide.mcu.externaltools.gnu-tools-for-stm32.10.3-2021.10.macos64_1.0.100.202210260954/tools/bin/../lib/gcc/arm-none-eabi/10.3.1/thumb/v7e-m+fp/hard/libgcc.a(_dvmd_tls.o)
                              /Applications/STM32CubeIDE.app/Contents/Eclipse/plugins/com.st.stm32cube.ide.mcu.externaltools.gnu-tools-for-stm32.10.3-2021.10.macos64_1.0.100.202210260954/tools/bin/../lib/gcc/arm-none-eabi/10.3.1/thumb/v7e-m+fp/hard/libgcc.a(_aeabi_uldivmod.o) (__aeabi_ldiv0)

Discarded input sections

 .text          0x0000000000000000        0x0 /Applications/STM32CubeIDE.app/Contents/Eclipse/plugins/com.st.stm32cube.ide.mcu.externaltools.gnu-tools-for-stm32.10.3-2021.10.macos64_1.0.100.202210260954/tools/bin/../lib/gcc/arm-none-eabi/10.3.1/thumb/v7e-m+fp/hard/crti.o
 .data          0x0000000000000000        0x0 /Applications/STM32CubeIDE.app/Contents/Eclipse/plugins/com.st.stm32cube.ide.mcu.externaltools.gnu-tools-for-stm32.10.3-2021.10.macos64_1.0.100.202210260954/tools/bin/../lib/gcc/arm-none-eabi/10.3.1/thumb/v7e-m+fp/hard/crti.o
 .bss           0x0000000000000000        0x0 /Applications/STM32CubeIDE.app/Contents/Eclipse/plugins/com.st.stm32cube.ide.mcu.externaltools.gnu-tools-for-stm32.10.3-2021.10.macos64_1.0.100.202210260954/tools/bin/../lib/gcc/arm-none-eabi/10.3.1/thumb/v7e-m+fp/hard/crti.o
[...]
Memory Configuration

Name             Origin             Length             Attributes
RAM              0x0000000020000000 0x0000000000020000 xrw
FLASH            0x0000000008000000 0x0000000000080000 xr
*default*        0x0000000000000000 0xffffffffffffffff

Linker script and memory map

LOAD /Applications/STM32CubeIDE.app/Contents/Eclipse/plugins/com.st.stm32cube.ide.mcu.externaltools.gnu-tools-for-stm32.10.3-2021.10.macos64_1.0.100.202210260954/tools/bin/../lib/gcc/arm-none-eabi/10.3.1/thumb/v7e-m+fp/hard/crti.o
LOAD /Applications/STM32CubeIDE.app/Contents/Eclipse/plugins/com.st.stm32cube.ide.mcu.externaltools.gnu-tools-for-stm32.10.3-2021.10.macos64_1.0.100.202210260954/tools/bin/../lib/gcc/arm-none-eabi/10.3.1/thumb/v7e-m+fp/hard/crtbegin.o
LOAD /Applications/STM32CubeIDE.app/Contents/Eclipse/plugins/com.st.stm32cube.ide.mcu.externaltools.gnu-tools-for-stm32.10.3-2021.10.macos64_1.0.100.202210260954/tools/bin/../lib/gcc/arm-none-eabi/10.3.1/../../../../arm-none-eabi/lib/thumb/v7e-m+fp/hard/crt0.o
LOAD ./Core/Src/it.o
LOAD ./Core/Src/main.o
LOAD ./Core/Src/msp.o
LOAD ./Core/Src/syscalls.o
LOAD ./Core/Src/sysmem.o
LOAD ./Core/Src/system_stm32f4xx.o
LOAD ./Core/Startup/startup_stm32f446zetx.o
LOAD ./Drivers/STM32F4xx_HAL_Driver/Src/stm32f4xx_hal.o
LOAD ./Drivers/STM32F4xx_HAL_Driver/Src/stm32f4xx_hal_cortex.o
LOAD ./Drivers/STM32F4xx_HAL_Driver/Src/stm32f4xx_hal_dma.o
LOAD ./Drivers/STM32F4xx_HAL_Driver/Src/stm32f4xx_hal_dma_ex.o
LOAD ./Drivers/STM32F4xx_HAL_Driver/Src/stm32f4xx_hal_exti.o
LOAD ./Drivers/STM32F4xx_HAL_Driver/Src/stm32f4xx_hal_flash.o
LOAD ./Drivers/STM32F4xx_HAL_Driver/Src/stm32f4xx_hal_flash_ex.o
LOAD ./Drivers/STM32F4xx_HAL_Driver/Src/stm32f4xx_hal_flash_ramfunc.o
LOAD ./Drivers/STM32F4xx_HAL_Driver/Src/stm32f4xx_hal_gpio.o
LOAD ./Drivers/STM32F4xx_HAL_Driver/Src/stm32f4xx_hal_pwr.o
LOAD ./Drivers/STM32F4xx_HAL_Driver/Src/stm32f4xx_hal_pwr_ex.o
LOAD ./Drivers/STM32F4xx_HAL_Driver/Src/stm32f4xx_hal_rcc.o
LOAD ./Drivers/STM32F4xx_HAL_Driver/Src/stm32f4xx_hal_rcc_ex.o
LOAD ./Drivers/STM32F4xx_HAL_Driver/Src/stm32f4xx_hal_tim.o
LOAD ./Drivers/STM32F4xx_HAL_Driver/Src/stm32f4xx_hal_tim_ex.o
LOAD ./Drivers/STM32F4xx_HAL_Driver/Src/stm32f4xx_hal_uart.o
START GROUP
LOAD /Applications/STM32CubeIDE.app/Contents/Eclipse/plugins/com.st.stm32cube.ide.mcu.externaltools.gnu-tools-for-stm32.10.3-2021.10.macos64_1.0.100.202210260954/tools/bin/../lib/gcc/arm-none-eabi/10.3.1/../../../../arm-none-eabi/lib/thumb/v7e-m+fp/hard/libc_nano.a
LOAD /Applications/STM32CubeIDE.app/Contents/Eclipse/plugins/com.st.stm32cube.ide.mcu.externaltools.gnu-tools-for-stm32.10.3-2021.10.macos64_1.0.100.202210260954/tools/bin/../lib/gcc/arm-none-eabi/10.3.1/../../../../arm-none-eabi/lib/thumb/v7e-m+fp/hard/libm.a
END GROUP
START GROUP
LOAD /Applications/STM32CubeIDE.app/Contents/Eclipse/plugins/com.st.stm32cube.ide.mcu.externaltools.gnu-tools-for-stm32.10.3-2021.10.macos64_1.0.100.202210260954/tools/bin/../lib/gcc/arm-none-eabi/10.3.1/thumb/v7e-m+fp/hard/libgcc.a
LOAD /Applications/STM32CubeIDE.app/Contents/Eclipse/plugins/com.st.stm32cube.ide.mcu.externaltools.gnu-tools-for-stm32.10.3-2021.10.macos64_1.0.100.202210260954/tools/bin/../lib/gcc/arm-none-eabi/10.3.1/../../../../arm-none-eabi/lib/thumb/v7e-m+fp/hard/libc_nano.a
END GROUP
START GROUP
LOAD /Applications/STM32CubeIDE.app/Contents/Eclipse/plugins/com.st.stm32cube.ide.mcu.externaltools.gnu-tools-for-stm32.10.3-2021.10.macos64_1.0.100.202210260954/tools/bin/../lib/gcc/arm-none-eabi/10.3.1/thumb/v7e-m+fp/hard/libgcc.a
LOAD /Applications/STM32CubeIDE.app/Contents/Eclipse/plugins/com.st.stm32cube.ide.mcu.externaltools.gnu-tools-for-stm32.10.3-2021.10.macos64_1.0.100.202210260954/tools/bin/../lib/gcc/arm-none-eabi/10.3.1/../../../../arm-none-eabi/lib/thumb/v7e-m+fp/hard/libc_nano.a
LOAD /Applications/STM32CubeIDE.app/Contents/Eclipse/plugins/com.st.stm32cube.ide.mcu.externaltools.gnu-tools-for-stm32.10.3-2021.10.macos64_1.0.100.202210260954/tools/bin/../lib/gcc/arm-none-eabi/10.3.1/../../../../arm-none-eabi/lib/thumb/v7e-m+fp/hard/libnosys.a
END GROUP
START GROUP
LOAD /Applications/STM32CubeIDE.app/Contents/Eclipse/plugins/com.st.stm32cube.ide.mcu.externaltools.gnu-tools-for-stm32.10.3-2021.10.macos64_1.0.100.202210260954/tools/bin/../lib/gcc/arm-none-eabi/10.3.1/thumb/v7e-m+fp/hard/libgcc.a
LOAD /Applications/STM32CubeIDE.app/Contents/Eclipse/plugins/com.st.stm32cube.ide.mcu.externaltools.gnu-tools-for-stm32.10.3-2021.10.macos64_1.0.100.202210260954/tools/bin/../lib/gcc/arm-none-eabi/10.3.1/../../../../arm-none-eabi/lib/thumb/v7e-m+fp/hard/libc_nano.a
LOAD /Applications/STM32CubeIDE.app/Contents/Eclipse/plugins/com.st.stm32cube.ide.mcu.externaltools.gnu-tools-for-stm32.10.3-2021.10.macos64_1.0.100.202210260954/tools/bin/../lib/gcc/arm-none-eabi/10.3.1/../../../../arm-none-eabi/lib/thumb/v7e-m+fp/hard/libnosys.a
END GROUP
LOAD /Applications/STM32CubeIDE.app/Contents/Eclipse/plugins/com.st.stm32cube.ide.mcu.externaltools.gnu-tools-for-stm32.10.3-2021.10.macos64_1.0.100.202210260954/tools/bin/../lib/gcc/arm-none-eabi/10.3.1/thumb/v7e-m+fp/hard/crtend.o
LOAD /Applications/STM32CubeIDE.app/Contents/Eclipse/plugins/com.st.stm32cube.ide.mcu.externaltools.gnu-tools-for-stm32.10.3-2021.10.macos64_1.0.100.202210260954/tools/bin/../lib/gcc/arm-none-eabi/10.3.1/thumb/v7e-m+fp/hard/crtn.o
                0x0000000020020000                _estack = (ORIGIN (RAM) + LENGTH (RAM))
                0x0000000000000200                _Min_Heap_Size = 0x200
                0x0000000000000400                _Min_Stack_Size = 0x400

.isr_vector     0x0000000008000000      0x1c4
                0x0000000008000000                . = ALIGN (0x4)
 *(.isr_vector)
 .isr_vector    0x0000000008000000      0x1c4 ./Core/Startup/startup_stm32f446zetx.o
                0x0000000008000000                g_pfnVectors
                0x00000000080001c4                . = ALIGN (0x4)

.text           0x00000000080001c4     0x2b1c
                0x00000000080001c4                . = ALIGN (0x4)
 *(.text)
 .text          0x00000000080001c4       0x40 /Applications/STM32CubeIDE.app/Contents/Eclipse/plugins/com.st.stm32cube.ide.mcu.externaltools.gnu-tools-for-stm32.10.3-2021.10.macos64_1.0.100.202210260954/tools/bin/../lib/gcc/arm-none-eabi/10.3.1/thumb/v7e-m+fp/hard/crtbegin.o
 .text          0x0000000008000204       0x30 /Applications/STM32CubeIDE.app/Contents/Eclipse/plugins/com.st.stm32cube.ide.mcu.externaltools.gnu-tools-for-stm32.10.3-2021.10.macos64_1.0.100.202210260954/tools/bin/../lib/gcc/arm-none-eabi/10.3.1/thumb/v7e-m+fp/hard/libgcc.a(_aeabi_uldivmod.o)
                0x0000000008000204                __aeabi_uldivmod
 .text          0x0000000008000234      0x2d0 /Applications/STM32CubeIDE.app/Contents/Eclipse/plugins/com.st.stm32cube.ide.mcu.externaltools.gnu-tools-for-stm32.10.3-2021.10.macos64_1.0.100.202210260954/tools/bin/../lib/gcc/arm-none-eabi/10.3.1/thumb/v7e-m+fp/hard/libgcc.a(_udivmoddi4.o)
                0x0000000008000234                __udivmoddi4
 .text          0x0000000008000504        0x4 /Applications/STM32CubeIDE.app/Contents/Eclipse/plugins/com.st.stm32cube.ide.mcu.externaltools.gnu-tools-for-stm32.10.3-2021.10.macos64_1.0.100.202210260954/tools/bin/../lib/gcc/arm-none-eabi/10.3.1/thumb/v7e-m+fp/hard/libgcc.a(_dvmd_tls.o)
                0x0000000008000504                __aeabi_ldiv0
                0x0000000008000504                __aeabi_idiv0
 *(.text*)
 .text.SysTick_Handler
                0x0000000008000508       0x10 ./Core/Src/it.o
                0x0000000008000508                SysTick_Handler
 .text.TIM2_IRQHandler
                0x0000000008000518       0x14 ./Core/Src/it.o
                0x0000000008000518                TIM2_IRQHandler
 .text.main     0x000000000800052c       0x68 ./Core/Src/main.o
                0x000000000800052c                main
 .text.gpio_init
                0x0000000008000594       0x48 ./Core/Src/main.o
                0x0000000008000594                gpio_init
 .text.timer2_init
                0x00000000080005dc       0xfc ./Core/Src/main.o
                0x00000000080005dc                timer2_init
 .text.uart3_init
                0x00000000080006d8       0x4c ./Core/Src/main.o
                0x00000000080006d8                uart3_init
 .text.SystemClock_Config_HSE
                0x0000000008000724      0x13c ./Core/Src/main.o
                0x0000000008000724                SystemClock_Config_HSE
 .text.Error_handler
                0x0000000008000860        0x6 ./Core/Src/main.o
                0x0000000008000860                Error_handler
 *fill*         0x0000000008000866        0x2 
 .text.HAL_MspInit
                0x0000000008000868       0x44 ./Core/Src/msp.o
                0x0000000008000868                HAL_MspInit
 .text.HAL_TIM_PWM_MspInit
                0x00000000080008ac       0xc4 ./Core/Src/msp.o
                0x00000000080008ac                HAL_TIM_PWM_MspInit
 .text.HAL_UART_MspInit
                0x0000000008000970       0x94 ./Core/Src/msp.o
                0x0000000008000970                HAL_UART_MspInit
 .text.SystemInit
                0x0000000008000a04       0x24 ./Core/Src/system_stm32f4xx.o
                0x0000000008000a04                SystemInit
 .text.Reset_Handler
                0x0000000008000a28       0x50 ./Core/Startup/startup_stm32f446zetx.o
                0x0000000008000a28                Reset_Handler
 .text.Default_Handler
                0x0000000008000a78        0x2 ./Core/Startup/startup_stm32f446zetx.o
                0x0000000008000a78                DMA1_Stream3_IRQHandler
                0x0000000008000a78                EXTI2_IRQHandler
                0x0000000008000a78                TIM8_CC_IRQHandler
                0x0000000008000a78                DebugMon_Handler
                0x0000000008000a78                FMPI2C1_EV_IRQHandler
                0x0000000008000a78                SPI4_IRQHandler
                0x0000000008000a78                TIM1_CC_IRQHandler
                0x0000000008000a78                DMA2_Stream5_IRQHandler
                0x0000000008000a78                HardFault_Handler
                0x0000000008000a78                DMA1_Stream5_IRQHandler
                0x0000000008000a78                PVD_IRQHandler
                0x0000000008000a78                SDIO_IRQHandler
                0x0000000008000a78                TAMP_STAMP_IRQHandler
                0x0000000008000a78                PendSV_Handler
                0x0000000008000a78                NMI_Handler
                0x0000000008000a78                CAN2_RX1_IRQHandler
                0x0000000008000a78                EXTI3_IRQHandler
                0x0000000008000a78                TIM8_TRG_COM_TIM14_IRQHandler
                0x0000000008000a78                TIM1_UP_TIM10_IRQHandler
                0x0000000008000a78                TIM8_UP_TIM13_IRQHandler
                0x0000000008000a78                I2C3_ER_IRQHandler
                0x0000000008000a78                EXTI0_IRQHandler
                0x0000000008000a78                I2C2_EV_IRQHandler
                0x0000000008000a78                DMA1_Stream2_IRQHandler
                0x0000000008000a78                CAN1_RX0_IRQHandler
                0x0000000008000a78                FPU_IRQHandler
                0x0000000008000a78                OTG_HS_WKUP_IRQHandler
                0x0000000008000a78                UsageFault_Handler
                0x0000000008000a78                CAN2_SCE_IRQHandler
                0x0000000008000a78                DMA2_Stream2_IRQHandler
                0x0000000008000a78                SPI1_IRQHandler
                0x0000000008000a78                TIM6_DAC_IRQHandler
                0x0000000008000a78                TIM1_BRK_TIM9_IRQHandler
                0x0000000008000a78                DCMI_IRQHandler
                0x0000000008000a78                CAN2_RX0_IRQHandler
                0x0000000008000a78                DMA2_Stream3_IRQHandler
                0x0000000008000a78                SAI2_IRQHandler
                0x0000000008000a78                USART6_IRQHandler
                0x0000000008000a78                USART3_IRQHandler
                0x0000000008000a78                CAN1_RX1_IRQHandler
                0x0000000008000a78                UART5_IRQHandler
                0x0000000008000a78                DMA2_Stream0_IRQHandler
                0x0000000008000a78                TIM4_IRQHandler
                0x0000000008000a78                QUADSPI_IRQHandler
                0x0000000008000a78                I2C1_EV_IRQHandler
                0x0000000008000a78                DMA1_Stream6_IRQHandler
                0x0000000008000a78                DMA1_Stream1_IRQHandler
                0x0000000008000a78                UART4_IRQHandler
                0x0000000008000a78                TIM3_IRQHandler
                0x0000000008000a78                RCC_IRQHandler
                0x0000000008000a78                TIM8_BRK_TIM12_IRQHandler
                0x0000000008000a78                Default_Handler
                0x0000000008000a78                CEC_IRQHandler
                0x0000000008000a78                EXTI15_10_IRQHandler
                0x0000000008000a78                ADC_IRQHandler
                0x0000000008000a78                DMA1_Stream7_IRQHandler
                0x0000000008000a78                TIM7_IRQHandler
                0x0000000008000a78                CAN2_TX_IRQHandler
                0x0000000008000a78                TIM5_IRQHandler
                0x0000000008000a78                DMA2_Stream7_IRQHandler
                0x0000000008000a78                I2C3_EV_IRQHandler
                0x0000000008000a78                EXTI9_5_IRQHandler
                0x0000000008000a78                RTC_WKUP_IRQHandler
                0x0000000008000a78                SPDIF_RX_IRQHandler
                0x0000000008000a78                SPI2_IRQHandler
                0x0000000008000a78                OTG_HS_EP1_IN_IRQHandler
                0x0000000008000a78                MemManage_Handler
                0x0000000008000a78                DMA1_Stream0_IRQHandler
                0x0000000008000a78                CAN1_TX_IRQHandler
                0x0000000008000a78                SVC_Handler
                0x0000000008000a78                FMPI2C1_ER_IRQHandler
                0x0000000008000a78                EXTI4_IRQHandler
                0x0000000008000a78                OTG_HS_EP1_OUT_IRQHandler
                0x0000000008000a78                WWDG_IRQHandler
                0x0000000008000a78                OTG_FS_WKUP_IRQHandler
                0x0000000008000a78                TIM1_TRG_COM_TIM11_IRQHandler
                0x0000000008000a78                OTG_HS_IRQHandler
                0x0000000008000a78                EXTI1_IRQHandler
                0x0000000008000a78                USART2_IRQHandler
                0x0000000008000a78                I2C2_ER_IRQHandler
                0x0000000008000a78                DMA2_Stream1_IRQHandler
                0x0000000008000a78                CAN1_SCE_IRQHandler
                0x0000000008000a78                FLASH_IRQHandler
                0x0000000008000a78                DMA2_Stream4_IRQHandler
                0x0000000008000a78                BusFault_Handler
                0x0000000008000a78                USART1_IRQHandler
                0x0000000008000a78                OTG_FS_IRQHandler
                0x0000000008000a78                SPI3_IRQHandler
                0x0000000008000a78                DMA1_Stream4_IRQHandler
                0x0000000008000a78                I2C1_ER_IRQHandler
                0x0000000008000a78                FMC_IRQHandler
                0x0000000008000a78                DMA2_Stream6_IRQHandler
                0x0000000008000a78                SAI1_IRQHandler
                0x0000000008000a78                RTC_Alarm_IRQHandler
 *fill*         0x0000000008000a7a        0x2 
 .text.HAL_Init
                0x0000000008000a7c       0x44 ./Drivers/STM32F4xx_HAL_Driver/Src/stm32f4xx_hal.o
                0x0000000008000a7c                HAL_Init
 .text.HAL_InitTick
                0x0000000008000ac0       0x60 ./Drivers/STM32F4xx_HAL_Driver/Src/stm32f4xx_hal.o
                0x0000000008000ac0                HAL_InitTick
 .text.HAL_IncTick
                0x0000000008000b20       0x28 ./Drivers/STM32F4xx_HAL_Driver/Src/stm32f4xx_hal.o
                0x0000000008000b20                HAL_IncTick
 .text.HAL_GetTick
                0x0000000008000b48       0x18 ./Drivers/STM32F4xx_HAL_Driver/Src/stm32f4xx_hal.o
                0x0000000008000b48                HAL_GetTick
 .text.__NVIC_SetPriorityGrouping
                0x0000000008000b60       0x48 ./Drivers/STM32F4xx_HAL_Driver/Src/stm32f4xx_hal_cortex.o
 .text.__NVIC_GetPriorityGrouping
                0x0000000008000ba8       0x1c ./Drivers/STM32F4xx_HAL_Driver/Src/stm32f4xx_hal_cortex.o
 .text.__NVIC_EnableIRQ
                0x0000000008000bc4       0x3c ./Drivers/STM32F4xx_HAL_Driver/Src/stm32f4xx_hal_cortex.o
 .text.__NVIC_SetPriority
                0x0000000008000c00       0x54 ./Drivers/STM32F4xx_HAL_Driver/Src/stm32f4xx_hal_cortex.o
 .text.NVIC_EncodePriority
                0x0000000008000c54       0x66 ./Drivers/STM32F4xx_HAL_Driver/Src/stm32f4xx_hal_cortex.o
 *fill*         0x0000000008000cba        0x2 
 .text.SysTick_Config
                0x0000000008000cbc       0x44 ./Drivers/STM32F4xx_HAL_Driver/Src/stm32f4xx_hal_cortex.o
 .text.HAL_NVIC_SetPriorityGrouping
                0x0000000008000d00       0x16 ./Drivers/STM32F4xx_HAL_Driver/Src/stm32f4xx_hal_cortex.o
                0x0000000008000d00                HAL_NVIC_SetPriorityGrouping
 .text.HAL_NVIC_SetPriority
                0x0000000008000d16       0x38 ./Drivers/STM32F4xx_HAL_Driver/Src/stm32f4xx_hal_cortex.o
                0x0000000008000d16                HAL_NVIC_SetPriority
 .text.HAL_NVIC_EnableIRQ
                0x0000000008000d4e       0x1c ./Drivers/STM32F4xx_HAL_Driver/Src/stm32f4xx_hal_cortex.o
                0x0000000008000d4e                HAL_NVIC_EnableIRQ
 .text.HAL_SYSTICK_Config
                0x0000000008000d6a       0x18 ./Drivers/STM32F4xx_HAL_Driver/Src/stm32f4xx_hal_cortex.o
                0x0000000008000d6a                HAL_SYSTICK_Config
 *fill*         0x0000000008000d82        0x2 
 .text.HAL_SYSTICK_CLKSourceConfig
                0x0000000008000d84       0x38 ./Drivers/STM32F4xx_HAL_Driver/Src/stm32f4xx_hal_cortex.o
                0x0000000008000d84                HAL_SYSTICK_CLKSourceConfig
 .text.HAL_SYSTICK_IRQHandler
                0x0000000008000dbc        0xc ./Drivers/STM32F4xx_HAL_Driver/Src/stm32f4xx_hal_cortex.o
                0x0000000008000dbc                HAL_SYSTICK_IRQHandler
 .text.HAL_SYSTICK_Callback
                0x0000000008000dc8        0xe ./Drivers/STM32F4xx_HAL_Driver/Src/stm32f4xx_hal_cortex.o
                0x0000000008000dc8                HAL_SYSTICK_Callback
 *fill*         0x0000000008000dd6        0x2 
 .text.HAL_GPIO_Init
                0x0000000008000dd8      0x328 ./Drivers/STM32F4xx_HAL_Driver/Src/stm32f4xx_hal_gpio.o
                0x0000000008000dd8                HAL_GPIO_Init
 .text.HAL_RCC_ClockConfig
                0x0000000008001100      0x1cc ./Drivers/STM32F4xx_HAL_Driver/Src/stm32f4xx_hal_rcc.o
                0x0000000008001100                HAL_RCC_ClockConfig
 .text.HAL_RCC_GetHCLKFreq
                0x00000000080012cc       0x18 ./Drivers/STM32F4xx_HAL_Driver/Src/stm32f4xx_hal_rcc.o
                0x00000000080012cc                HAL_RCC_GetHCLKFreq
 .text.HAL_RCC_GetPCLK1Freq
                0x00000000080012e4       0x28 ./Drivers/STM32F4xx_HAL_Driver/Src/stm32f4xx_hal_rcc.o
                0x00000000080012e4                HAL_RCC_GetPCLK1Freq
 .text.HAL_RCC_GetPCLK2Freq
                0x000000000800130c       0x28 ./Drivers/STM32F4xx_HAL_Driver/Src/stm32f4xx_hal_rcc.o
                0x000000000800130c                HAL_RCC_GetPCLK2Freq
 .text.HAL_RCC_GetSysClockFreq
                0x0000000008001334      0x354 ./Drivers/STM32F4xx_HAL_Driver/Src/stm32f4xx_hal_rcc_ex.o
                0x0000000008001334                HAL_RCC_GetSysClockFreq
 .text.HAL_RCC_OscConfig
                0x0000000008001688      0x53c ./Drivers/STM32F4xx_HAL_Driver/Src/stm32f4xx_hal_rcc_ex.o
                0x0000000008001688                HAL_RCC_OscConfig
 .text.HAL_TIM_PWM_Init
                0x0000000008001bc4       0x9e ./Drivers/STM32F4xx_HAL_Driver/Src/stm32f4xx_hal_tim.o
                0x0000000008001bc4                HAL_TIM_PWM_Init
 *fill*         0x0000000008001c62        0x2 
 .text.HAL_TIM_PWM_Start
                0x0000000008001c64      0x190 ./Drivers/STM32F4xx_HAL_Driver/Src/stm32f4xx_hal_tim.o
                0x0000000008001c64                HAL_TIM_PWM_Start
 .text.HAL_TIM_IRQHandler
                0x0000000008001df4      0x210 ./Drivers/STM32F4xx_HAL_Driver/Src/stm32f4xx_hal_tim.o
                0x0000000008001df4                HAL_TIM_IRQHandler
 .text.HAL_TIM_PWM_ConfigChannel
                0x0000000008002004      0x184 ./Drivers/STM32F4xx_HAL_Driver/Src/stm32f4xx_hal_tim.o
                0x0000000008002004                HAL_TIM_PWM_ConfigChannel
 .text.HAL_TIM_PeriodElapsedCallback
                0x0000000008002188       0x14 ./Drivers/STM32F4xx_HAL_Driver/Src/stm32f4xx_hal_tim.o
                0x0000000008002188                HAL_TIM_PeriodElapsedCallback
 .text.HAL_TIM_OC_DelayElapsedCallback
                0x000000000800219c       0x14 ./Drivers/STM32F4xx_HAL_Driver/Src/stm32f4xx_hal_tim.o
                0x000000000800219c                HAL_TIM_OC_DelayElapsedCallback
 .text.HAL_TIM_IC_CaptureCallback
                0x00000000080021b0       0x14 ./Drivers/STM32F4xx_HAL_Driver/Src/stm32f4xx_hal_tim.o
                0x00000000080021b0                HAL_TIM_IC_CaptureCallback
 .text.HAL_TIM_PWM_PulseFinishedCallback
                0x00000000080021c4       0x14 ./Drivers/STM32F4xx_HAL_Driver/Src/stm32f4xx_hal_tim.o
                0x00000000080021c4                HAL_TIM_PWM_PulseFinishedCallback
 .text.HAL_TIM_TriggerCallback
                0x00000000080021d8       0x14 ./Drivers/STM32F4xx_HAL_Driver/Src/stm32f4xx_hal_tim.o
                0x00000000080021d8                HAL_TIM_TriggerCallback
 .text.TIM_Base_SetConfig
                0x00000000080021ec      0x140 ./Drivers/STM32F4xx_HAL_Driver/Src/stm32f4xx_hal_tim.o
                0x00000000080021ec                TIM_Base_SetConfig
 .text.TIM_OC1_SetConfig
                0x000000000800232c       0xe0 ./Drivers/STM32F4xx_HAL_Driver/Src/stm32f4xx_hal_tim.o
 .text.TIM_OC2_SetConfig
                0x000000000800240c       0xec ./Drivers/STM32F4xx_HAL_Driver/Src/stm32f4xx_hal_tim.o
                0x000000000800240c                TIM_OC2_SetConfig
 .text.TIM_OC3_SetConfig
                0x00000000080024f8       0xe8 ./Drivers/STM32F4xx_HAL_Driver/Src/stm32f4xx_hal_tim.o
 .text.TIM_OC4_SetConfig
                0x00000000080025e0       0xac ./Drivers/STM32F4xx_HAL_Driver/Src/stm32f4xx_hal_tim.o
 .text.TIM_CCxChannelCmd
                0x000000000800268c       0x4a ./Drivers/STM32F4xx_HAL_Driver/Src/stm32f4xx_hal_tim.o
                0x000000000800268c                TIM_CCxChannelCmd
 .text.HAL_TIMEx_CommutCallback
                0x00000000080026d6       0x14 ./Drivers/STM32F4xx_HAL_Driver/Src/stm32f4xx_hal_tim_ex.o
                0x00000000080026d6                HAL_TIMEx_CommutCallback
 .text.HAL_TIMEx_BreakCallback
                0x00000000080026ea       0x14 ./Drivers/STM32F4xx_HAL_Driver/Src/stm32f4xx_hal_tim_ex.o
                0x00000000080026ea                HAL_TIMEx_BreakCallback
 .text.HAL_UART_Init
                0x00000000080026fe       0x9a ./Drivers/STM32F4xx_HAL_Driver/Src/stm32f4xx_hal_uart.o
                0x00000000080026fe                HAL_UART_Init
 .text.UART_SetConfig
                0x0000000008002798      0x4e8 ./Drivers/STM32F4xx_HAL_Driver/Src/stm32f4xx_hal_uart.o
 .text.__libc_init_array
                0x0000000008002c80       0x48 /Applications/STM32CubeIDE.app/Contents/Eclipse/plugins/com.st.stm32cube.ide.mcu.externaltools.gnu-tools-for-stm32.10.3-2021.10.macos64_1.0.100.202210260954/tools/bin/../lib/gcc/arm-none-eabi/10.3.1/../../../../arm-none-eabi/lib/thumb/v7e-m+fp/hard/libc_nano.a(lib_a-init.o)
                0x0000000008002c80                __libc_init_array
 *(.glue_7)
 .glue_7        0x0000000008002cc8        0x0 linker stubs
 *(.glue_7t)
 .glue_7t       0x0000000008002cc8        0x0 linker stubs
 *(.eh_frame)
 .eh_frame      0x0000000008002cc8        0x0 /Applications/STM32CubeIDE.app/Contents/Eclipse/plugins/com.st.stm32cube.ide.mcu.externaltools.gnu-tools-for-stm32.10.3-2021.10.macos64_1.0.100.202210260954/tools/bin/../lib/gcc/arm-none-eabi/10.3.1/thumb/v7e-m+fp/hard/crtbegin.o
 *(.init)
 .init          0x0000000008002cc8        0x4 /Applications/STM32CubeIDE.app/Contents/Eclipse/plugins/com.st.stm32cube.ide.mcu.externaltools.gnu-tools-for-stm32.10.3-2021.10.macos64_1.0.100.202210260954/tools/bin/../lib/gcc/arm-none-eabi/10.3.1/thumb/v7e-m+fp/hard/crti.o
                0x0000000008002cc8                _init
 .init          0x0000000008002ccc        0x8 /Applications/STM32CubeIDE.app/Contents/Eclipse/plugins/com.st.stm32cube.ide.mcu.externaltools.gnu-tools-for-stm32.10.3-2021.10.macos64_1.0.100.202210260954/tools/bin/../lib/gcc/arm-none-eabi/10.3.1/thumb/v7e-m+fp/hard/crtn.o
 *(.fini)
 .fini          0x0000000008002cd4        0x4 /Applications/STM32CubeIDE.app/Contents/Eclipse/plugins/com.st.stm32cube.ide.mcu.externaltools.gnu-tools-for-stm32.10.3-2021.10.macos64_1.0.100.202210260954/tools/bin/../lib/gcc/arm-none-eabi/10.3.1/thumb/v7e-m+fp/hard/crti.o
                0x0000000008002cd4                _fini
 .fini          0x0000000008002cd8        0x8 /Applications/STM32CubeIDE.app/Contents/Eclipse/plugins/com.st.stm32cube.ide.mcu.externaltools.gnu-tools-for-stm32.10.3-2021.10.macos64_1.0.100.202210260954/tools/bin/../lib/gcc/arm-none-eabi/10.3.1/thumb/v7e-m+fp/hard/crtn.o
                0x0000000008002ce0                . = ALIGN (0x4)
                0x0000000008002ce0                _etext = .

.vfp11_veneer   0x0000000008002ce0        0x0
 .vfp11_veneer  0x0000000008002ce0        0x0 linker stubs

.v4_bx          0x0000000008002ce0        0x0
 .v4_bx         0x0000000008002ce0        0x0 linker stubs

.iplt           0x0000000008002ce0        0x0
 .iplt          0x0000000008002ce0        0x0 /Applications/STM32CubeIDE.app/Contents/Eclipse/plugins/com.st.stm32cube.ide.mcu.externaltools.gnu-tools-for-stm32.10.3-2021.10.macos64_1.0.100.202210260954/tools/bin/../lib/gcc/arm-none-eabi/10.3.1/thumb/v7e-m+fp/hard/crtbegin.o

.rodata         0x0000000008002ce0       0x18
                0x0000000008002ce0                . = ALIGN (0x4)
 *(.rodata)
 *(.rodata*)
 .rodata.AHBPrescTable
                0x0000000008002ce0       0x10 ./Core/Src/system_stm32f4xx.o
                0x0000000008002ce0                AHBPrescTable
 .rodata.APBPrescTable
                0x0000000008002cf0        0x8 ./Core/Src/system_stm32f4xx.o
                0x0000000008002cf0                APBPrescTable
                0x0000000008002cf8                . = ALIGN (0x4)

.ARM.extab      0x0000000008002cf8        0x0
                0x0000000008002cf8                . = ALIGN (0x4)
 *(.ARM.extab* .gnu.linkonce.armextab.*)
                0x0000000008002cf8                . = ALIGN (0x4)

.ARM            0x0000000008002cf8        0x8
                0x0000000008002cf8                . = ALIGN (0x4)
                0x0000000008002cf8                __exidx_start = .
 *(.ARM.exidx*)
 .ARM.exidx     0x0000000008002cf8        0x8 /Applications/STM32CubeIDE.app/Contents/Eclipse/plugins/com.st.stm32cube.ide.mcu.externaltools.gnu-tools-for-stm32.10.3-2021.10.macos64_1.0.100.202210260954/tools/bin/../lib/gcc/arm-none-eabi/10.3.1/thumb/v7e-m+fp/hard/libgcc.a(_udivmoddi4.o)
                0x0000000008002d00                __exidx_end = .
                0x0000000008002d00                . = ALIGN (0x4)

.rel.dyn        0x0000000008002d00        0x0
 .rel.iplt      0x0000000008002d00        0x0 /Applications/STM32CubeIDE.app/Contents/Eclipse/plugins/com.st.stm32cube.ide.mcu.externaltools.gnu-tools-for-stm32.10.3-2021.10.macos64_1.0.100.202210260954/tools/bin/../lib/gcc/arm-none-eabi/10.3.1/thumb/v7e-m+fp/hard/crtbegin.o

.preinit_array  0x0000000008002d00        0x0
                0x0000000008002d00                . = ALIGN (0x4)
                0x0000000008002d00                PROVIDE (__preinit_array_start = .)
 *(.preinit_array*)
                0x0000000008002d00                PROVIDE (__preinit_array_end = .)
                0x0000000008002d00                . = ALIGN (0x4)

.init_array     0x0000000008002d00        0x4
                0x0000000008002d00                . = ALIGN (0x4)
                0x0000000008002d00                PROVIDE (__init_array_start = .)
 *(SORT_BY_NAME(.init_array.*))
 *(.init_array*)
 .init_array    0x0000000008002d00        0x4 /Applications/STM32CubeIDE.app/Contents/Eclipse/plugins/com.st.stm32cube.ide.mcu.externaltools.gnu-tools-for-stm32.10.3-2021.10.macos64_1.0.100.202210260954/tools/bin/../lib/gcc/arm-none-eabi/10.3.1/thumb/v7e-m+fp/hard/crtbegin.o
                0x0000000008002d04                PROVIDE (__init_array_end = .)
                0x0000000008002d04                . = ALIGN (0x4)

.fini_array     0x0000000008002d04        0x4
                0x0000000008002d04                . = ALIGN (0x4)
                [!provide]                        PROVIDE (__fini_array_start = .)
 *(SORT_BY_NAME(.fini_array.*))
 *(.fini_array*)
 .fini_array    0x0000000008002d04        0x4 /Applications/STM32CubeIDE.app/Contents/Eclipse/plugins/com.st.stm32cube.ide.mcu.externaltools.gnu-tools-for-stm32.10.3-2021.10.macos64_1.0.100.202210260954/tools/bin/../lib/gcc/arm-none-eabi/10.3.1/thumb/v7e-m+fp/hard/crtbegin.o
                [!provide]                        PROVIDE (__fini_array_end = .)
                0x0000000008002d08                . = ALIGN (0x4)
                0x0000000008002d08                _sidata = LOADADDR (.data)

.data           0x0000000020000000        0xc load address 0x0000000008002d08
                0x0000000020000000                . = ALIGN (0x4)
                0x0000000020000000                _sdata = .
 *(.data)
 *(.data*)
 .data.SystemCoreClock
                0x0000000020000000        0x4 ./Core/Src/system_stm32f4xx.o
                0x0000000020000000                SystemCoreClock
 .data.uwTickPrio
                0x0000000020000004        0x4 ./Drivers/STM32F4xx_HAL_Driver/Src/stm32f4xx_hal.o
                0x0000000020000004                uwTickPrio
 .data.uwTickFreq
                0x0000000020000008        0x1 ./Drivers/STM32F4xx_HAL_Driver/Src/stm32f4xx_hal.o
                0x0000000020000008                uwTickFreq
 *(.RamFunc)
 *(.RamFunc*)
                0x000000002000000c                . = ALIGN (0x4)
 *fill*         0x0000000020000009        0x3 
                0x000000002000000c                _edata = .

.igot.plt       0x000000002000000c        0x0 load address 0x0000000008002d14
 .igot.plt      0x000000002000000c        0x0 /Applications/STM32CubeIDE.app/Contents/Eclipse/plugins/com.st.stm32cube.ide.mcu.externaltools.gnu-tools-for-stm32.10.3-2021.10.macos64_1.0.100.202210260954/tools/bin/../lib/gcc/arm-none-eabi/10.3.1/thumb/v7e-m+fp/hard/crtbegin.o
                0x000000002000000c                . = ALIGN (0x4)

.bss            0x000000002000000c       0xac load address 0x0000000008002d14
                0x000000002000000c                _sbss = .
                0x000000002000000c                __bss_start__ = _sbss
 *(.bss)
 .bss           0x000000002000000c       0x1c /Applications/STM32CubeIDE.app/Contents/Eclipse/plugins/com.st.stm32cube.ide.mcu.externaltools.gnu-tools-for-stm32.10.3-2021.10.macos64_1.0.100.202210260954/tools/bin/../lib/gcc/arm-none-eabi/10.3.1/thumb/v7e-m+fp/hard/crtbegin.o
 *(.bss*)
 .bss.huart3    0x0000000020000028       0x44 ./Core/Src/main.o
                0x0000000020000028                huart3
 .bss.htimer2   0x000000002000006c       0x48 ./Core/Src/main.o
                0x000000002000006c                htimer2
 .bss.uwTick    0x00000000200000b4        0x4 ./Drivers/STM32F4xx_HAL_Driver/Src/stm32f4xx_hal.o
                0x00000000200000b4                uwTick
 *(COMMON)
                0x00000000200000b8                . = ALIGN (0x4)
                0x00000000200000b8                _ebss = .
                0x00000000200000b8                __bss_end__ = _ebss

._user_heap_stack
                0x00000000200000b8      0x600 load address 0x0000000008002d14
                0x00000000200000b8                . = ALIGN (0x8)
                [!provide]                        PROVIDE (end = .)
                0x00000000200000b8                PROVIDE (_end = .)
                0x00000000200002b8                . = (. + _Min_Heap_Size)
 *fill*         0x00000000200000b8      0x200 
                0x00000000200006b8                . = (. + _Min_Stack_Size)
 *fill*         0x00000000200002b8      0x400 
                0x00000000200006b8                . = ALIGN (0x8)

/DISCARD/
 libc.a(*)
 libm.a(*)
 libgcc.a(*)

.ARM.attributes
                0x0000000000000000       0x30
 *(.ARM.attributes)
 .ARM.attributes
                0x0000000000000000       0x1e /Applications/STM32CubeIDE.app/Contents/Eclipse/plugins/com.st.stm32cube.ide.mcu.externaltools.gnu-tools-for-stm32.10.3-2021.10.macos64_1.0.100.202210260954/tools/bin/../lib/gcc/arm-none-eabi/10.3.1/thumb/v7e-m+fp/hard/crti.o
 .ARM.attributes
                0x000000000000001e       0x34 /Applications/STM32CubeIDE.app/Contents/Eclipse/plugins/com.st.stm32cube.ide.mcu.externaltools.gnu-tools-for-stm32.10.3-2021.10.macos64_1.0.100.202210260954/tools/bin/../lib/gcc/arm-none-eabi/10.3.1/thumb/v7e-m+fp/hard/crtbegin.o
 .ARM.attributes
                0x0000000000000052       0x34 ./Core/Src/it.o
 .ARM.attributes
                0x0000000000000086       0x34 ./Core/Src/main.o
 .ARM.attributes
                0x00000000000000ba       0x34 ./Core/Src/msp.o
 .ARM.attributes
                0x00000000000000ee       0x34 ./Core/Src/system_stm32f4xx.o
 .ARM.attributes
                0x0000000000000122       0x21 ./Core/Startup/startup_stm32f446zetx.o
 .ARM.attributes
                0x0000000000000143       0x34 ./Drivers/STM32F4xx_HAL_Driver/Src/stm32f4xx_hal.o
 .ARM.attributes
                0x0000000000000177       0x34 ./Drivers/STM32F4xx_HAL_Driver/Src/stm32f4xx_hal_cortex.o
 .ARM.attributes
                0x00000000000001ab       0x34 ./Drivers/STM32F4xx_HAL_Driver/Src/stm32f4xx_hal_gpio.o
 .ARM.attributes
                0x00000000000001df       0x34 ./Drivers/STM32F4xx_HAL_Driver/Src/stm32f4xx_hal_rcc.o
 .ARM.attributes
                0x0000000000000213       0x34 ./Drivers/STM32F4xx_HAL_Driver/Src/stm32f4xx_hal_rcc_ex.o
 .ARM.attributes
                0x0000000000000247       0x34 ./Drivers/STM32F4xx_HAL_Driver/Src/stm32f4xx_hal_tim.o
 .ARM.attributes
                0x000000000000027b       0x34 ./Drivers/STM32F4xx_HAL_Driver/Src/stm32f4xx_hal_tim_ex.o
 .ARM.attributes
                0x00000000000002af       0x34 ./Drivers/STM32F4xx_HAL_Driver/Src/stm32f4xx_hal_uart.o
 .ARM.attributes
                0x00000000000002e3       0x34 /Applications/STM32CubeIDE.app/Contents/Eclipse/plugins/com.st.stm32cube.ide.mcu.externaltools.gnu-tools-for-stm32.10.3-2021.10.macos64_1.0.100.202210260954/tools/bin/../lib/gcc/arm-none-eabi/10.3.1/../../../../arm-none-eabi/lib/thumb/v7e-m+fp/hard/libc_nano.a(lib_a-init.o)
 .ARM.attributes
                0x0000000000000317       0x1e /Applications/STM32CubeIDE.app/Contents/Eclipse/plugins/com.st.stm32cube.ide.mcu.externaltools.gnu-tools-for-stm32.10.3-2021.10.macos64_1.0.100.202210260954/tools/bin/../lib/gcc/arm-none-eabi/10.3.1/thumb/v7e-m+fp/hard/libgcc.a(_aeabi_uldivmod.o)
 .ARM.attributes
                0x0000000000000335       0x34 /Applications/STM32CubeIDE.app/Contents/Eclipse/plugins/com.st.stm32cube.ide.mcu.externaltools.gnu-tools-for-stm32.10.3-2021.10.macos64_1.0.100.202210260954/tools/bin/../lib/gcc/arm-none-eabi/10.3.1/thumb/v7e-m+fp/hard/libgcc.a(_udivmoddi4.o)
 .ARM.attributes
                0x0000000000000369       0x1e /Applications/STM32CubeIDE.app/Contents/Eclipse/plugins/com.st.stm32cube.ide.mcu.externaltools.gnu-tools-for-stm32.10.3-2021.10.macos64_1.0.100.202210260954/tools/bin/../lib/gcc/arm-none-eabi/10.3.1/thumb/v7e-m+fp/hard/libgcc.a(_dvmd_tls.o)
 .ARM.attributes
                0x0000000000000387       0x1e /Applications/STM32CubeIDE.app/Contents/Eclipse/plugins/com.st.stm32cube.ide.mcu.externaltools.gnu-tools-for-stm32.10.3-2021.10.macos64_1.0.100.202210260954/tools/bin/../lib/gcc/arm-none-eabi/10.3.1/thumb/v7e-m+fp/hard/crtn.o
OUTPUT(timer_PWM.elf elf32-littlearm)
LOAD linker stubs
LOAD /Applications/STM32CubeIDE.app/Contents/Eclipse/plugins/com.st.stm32cube.ide.mcu.externaltools.gnu-tools-for-stm32.10.3-2021.10.macos64_1.0.100.202210260954/tools/bin/../lib/gcc/arm-none-eabi/10.3.1/../../../../arm-none-eabi/lib/thumb/v7e-m+fp/hard/libc.a
LOAD /Applications/STM32CubeIDE.app/Contents/Eclipse/plugins/com.st.stm32cube.ide.mcu.externaltools.gnu-tools-for-stm32.10.3-2021.10.macos64_1.0.100.202210260954/tools/bin/../lib/gcc/arm-none-eabi/10.3.1/../../../../arm-none-eabi/lib/thumb/v7e-m+fp/hard/libm.a
LOAD /Applications/STM32CubeIDE.app/Contents/Eclipse/plugins/com.st.stm32cube.ide.mcu.externaltools.gnu-tools-for-stm32.10.3-2021.10.macos64_1.0.100.202210260954/tools/bin/../lib/gcc/arm-none-eabi/10.3.1/thumb/v7e-m+fp/hard/libgcc.a

.debug_info     0x0000000000000000     0xd6c1
 .debug_info    0x0000000000000000      0x6b6 ./Core/Src/it.o
 .debug_info    0x00000000000006b6     0x127f ./Core/Src/main.o
 .debug_info    0x0000000000001935     0x1155 ./Core/Src/msp.o
 .debug_info    0x0000000000002a8a      0x55b ./Core/Src/system_stm32f4xx.o
 .debug_info    0x0000000000002fe5       0x22 ./Core/Startup/startup_stm32f446zetx.o
 .debug_info    0x0000000000003007      0x9d2 ./Drivers/STM32F4xx_HAL_Driver/Src/stm32f4xx_hal.o
 .debug_info    0x00000000000039d9      0xe39 ./Drivers/STM32F4xx_HAL_Driver/Src/stm32f4xx_hal_cortex.o
 .debug_info    0x0000000000004812      0x7be ./Drivers/STM32F4xx_HAL_Driver/Src/stm32f4xx_hal_gpio.o
 .debug_info    0x0000000000004fd0      0x9ab ./Drivers/STM32F4xx_HAL_Driver/Src/stm32f4xx_hal_rcc.o
 .debug_info    0x000000000000597b      0x9ec ./Drivers/STM32F4xx_HAL_Driver/Src/stm32f4xx_hal_rcc_ex.o
 .debug_info    0x0000000000006367     0x2bbe ./Drivers/STM32F4xx_HAL_Driver/Src/stm32f4xx_hal_tim.o
 .debug_info    0x0000000000008f25     0x15e0 ./Drivers/STM32F4xx_HAL_Driver/Src/stm32f4xx_hal_tim_ex.o
 .debug_info    0x000000000000a505     0x31bc ./Drivers/STM32F4xx_HAL_Driver/Src/stm32f4xx_hal_uart.o

.debug_abbrev   0x0000000000000000     0x1a14
 .debug_abbrev  0x0000000000000000      0x17d ./Core/Src/it.o
 .debug_abbrev  0x000000000000017d      0x261 ./Core/Src/main.o
 .debug_abbrev  0x00000000000003de      0x1cc ./Core/Src/msp.o
 .debug_abbrev  0x00000000000005aa      0x116 ./Core/Src/system_stm32f4xx.o
 .debug_abbrev  0x00000000000006c0       0x12 ./Core/Startup/startup_stm32f446zetx.o
 .debug_abbrev  0x00000000000006d2      0x20d ./Drivers/STM32F4xx_HAL_Driver/Src/stm32f4xx_hal.o
 .debug_abbrev  0x00000000000008df      0x316 ./Drivers/STM32F4xx_HAL_Driver/Src/stm32f4xx_hal_cortex.o
 .debug_abbrev  0x0000000000000bf5      0x1c4 ./Drivers/STM32F4xx_HAL_Driver/Src/stm32f4xx_hal_gpio.o
 .debug_abbrev  0x0000000000000db9      0x2aa ./Drivers/STM32F4xx_HAL_Driver/Src/stm32f4xx_hal_rcc.o
 .debug_abbrev  0x0000000000001063      0x1fb ./Drivers/STM32F4xx_HAL_Driver/Src/stm32f4xx_hal_rcc_ex.o
 .debug_abbrev  0x000000000000125e      0x25d ./Drivers/STM32F4xx_HAL_Driver/Src/stm32f4xx_hal_tim.o
 .debug_abbrev  0x00000000000014bb      0x265 ./Drivers/STM32F4xx_HAL_Driver/Src/stm32f4xx_hal_tim_ex.o
 .debug_abbrev  0x0000000000001720      0x2f4 ./Drivers/STM32F4xx_HAL_Driver/Src/stm32f4xx_hal_uart.o

.debug_aranges  0x0000000000000000      0xb88
 .debug_aranges
                0x0000000000000000       0x28 ./Core/Src/it.o
 .debug_aranges
                0x0000000000000028       0x48 ./Core/Src/main.o
 .debug_aranges
                0x0000000000000070       0x30 ./Core/Src/msp.o
 .debug_aranges
                0x00000000000000a0       0x28 ./Core/Src/system_stm32f4xx.o
 .debug_aranges
                0x00000000000000c8       0x28 ./Core/Startup/startup_stm32f446zetx.o
 .debug_aranges
                0x00000000000000f0       0xf0 ./Drivers/STM32F4xx_HAL_Driver/Src/stm32f4xx_hal.o
 .debug_aranges
                0x00000000000001e0      0x118 ./Drivers/STM32F4xx_HAL_Driver/Src/stm32f4xx_hal_cortex.o
 .debug_aranges
                0x00000000000002f8       0x58 ./Drivers/STM32F4xx_HAL_Driver/Src/stm32f4xx_hal_gpio.o
 .debug_aranges
                0x0000000000000350       0x88 ./Drivers/STM32F4xx_HAL_Driver/Src/stm32f4xx_hal_rcc.o
 .debug_aranges
                0x00000000000003d8       0x78 ./Drivers/STM32F4xx_HAL_Driver/Src/stm32f4xx_hal_rcc_ex.o
 .debug_aranges
                0x0000000000000450      0x3d0 ./Drivers/STM32F4xx_HAL_Driver/Src/stm32f4xx_hal_tim.o
 .debug_aranges
                0x0000000000000820      0x168 ./Drivers/STM32F4xx_HAL_Driver/Src/stm32f4xx_hal_tim_ex.o
 .debug_aranges
                0x0000000000000988      0x200 ./Drivers/STM32F4xx_HAL_Driver/Src/stm32f4xx_hal_uart.o

.debug_ranges   0x0000000000000000      0xaf0
 .debug_ranges  0x0000000000000000       0x18 ./Core/Src/it.o
 .debug_ranges  0x0000000000000018       0x38 ./Core/Src/main.o
 .debug_ranges  0x0000000000000050       0x20 ./Core/Src/msp.o
 .debug_ranges  0x0000000000000070       0x18 ./Core/Src/system_stm32f4xx.o
 .debug_ranges  0x0000000000000088       0x20 ./Core/Startup/startup_stm32f446zetx.o
 .debug_ranges  0x00000000000000a8       0xe0 ./Drivers/STM32F4xx_HAL_Driver/Src/stm32f4xx_hal.o
 .debug_ranges  0x0000000000000188      0x108 ./Drivers/STM32F4xx_HAL_Driver/Src/stm32f4xx_hal_cortex.o
 .debug_ranges  0x0000000000000290       0x48 ./Drivers/STM32F4xx_HAL_Driver/Src/stm32f4xx_hal_gpio.o
 .debug_ranges  0x00000000000002d8       0x78 ./Drivers/STM32F4xx_HAL_Driver/Src/stm32f4xx_hal_rcc.o
 .debug_ranges  0x0000000000000350       0x68 ./Drivers/STM32F4xx_HAL_Driver/Src/stm32f4xx_hal_rcc_ex.o
 .debug_ranges  0x00000000000003b8      0x3c0 ./Drivers/STM32F4xx_HAL_Driver/Src/stm32f4xx_hal_tim.o
 .debug_ranges  0x0000000000000778      0x158 ./Drivers/STM32F4xx_HAL_Driver/Src/stm32f4xx_hal_tim_ex.o
 .debug_ranges  0x00000000000008d0      0x220 ./Drivers/STM32F4xx_HAL_Driver/Src/stm32f4xx_hal_uart.o

.debug_macro    0x0000000000000000    0x21e1c
 .debug_macro   0x0000000000000000      0x36c ./Core/Src/it.o
 .debug_macro   0x000000000000036c      0xa78 ./Core/Src/it.o
 .debug_macro   0x0000000000000de4      0x29b ./Core/Src/it.o
 .debug_macro   0x000000000000107f       0x2e ./Core/Src/it.o
 .debug_macro   0x00000000000010ad       0x28 ./Core/Src/it.o
 .debug_macro   0x00000000000010d5       0x22 ./Core/Src/it.o
 .debug_macro   0x00000000000010f7       0x8e ./Core/Src/it.o
 .debug_macro   0x0000000000001185       0x51 ./Core/Src/it.o
 .debug_macro   0x00000000000011d6      0x103 ./Core/Src/it.o
 .debug_macro   0x00000000000012d9       0x6a ./Core/Src/it.o
 .debug_macro   0x0000000000001343      0x1df ./Core/Src/it.o
 .debug_macro   0x0000000000001522       0x1c ./Core/Src/it.o
 .debug_macro   0x000000000000153e       0x22 ./Core/Src/it.o
 .debug_macro   0x0000000000001560       0xd9 ./Core/Src/it.o
 .debug_macro   0x0000000000001639     0x102d ./Core/Src/it.o
 .debug_macro   0x0000000000002666      0x11f ./Core/Src/it.o
 .debug_macro   0x0000000000002785    0x16749 ./Core/Src/it.o
 .debug_macro   0x0000000000018ece       0x6d ./Core/Src/it.o
 .debug_macro   0x0000000000018f3b     0x367e ./Core/Src/it.o
 .debug_macro   0x000000000001c5b9      0x174 ./Core/Src/it.o
 .debug_macro   0x000000000001c72d       0x5c ./Core/Src/it.o
 .debug_macro   0x000000000001c789      0xc90 ./Core/Src/it.o
 .debug_macro   0x000000000001d419      0x9fe ./Core/Src/it.o
 .debug_macro   0x000000000001de17      0x115 ./Core/Src/it.o
 .debug_macro   0x000000000001df2c      0x1a0 ./Core/Src/it.o
 .debug_macro   0x000000000001e0cc       0xa5 ./Core/Src/it.o
 .debug_macro   0x000000000001e171      0x16d ./Core/Src/it.o
 .debug_macro   0x000000000001e2de      0x287 ./Core/Src/it.o
 .debug_macro   0x000000000001e565       0x5f ./Core/Src/it.o
 .debug_macro   0x000000000001e5c4      0x236 ./Core/Src/it.o
 .debug_macro   0x000000000001e7fa      0x132 ./Core/Src/it.o
 .debug_macro   0x000000000001e92c      0x29c ./Core/Src/it.o
 .debug_macro   0x000000000001ebc8       0x2e ./Core/Src/it.o
 .debug_macro   0x000000000001ebf6      0x11a ./Core/Src/it.o
 .debug_macro   0x000000000001ed10       0xe8 ./Core/Src/it.o
 .debug_macro   0x000000000001edf8       0x89 ./Core/Src/it.o
 .debug_macro   0x000000000001ee81      0x8e6 ./Core/Src/it.o
 .debug_macro   0x000000000001f767       0x4d ./Core/Src/it.o
 .debug_macro   0x000000000001f7b4      0x295 ./Core/Src/it.o
 .debug_macro   0x000000000001fa49      0x126 ./Core/Src/it.o
 .debug_macro   0x000000000001fb6f       0x52 ./Core/Src/it.o
 .debug_macro   0x000000000001fbc1       0x1e ./Core/Src/it.o
 .debug_macro   0x000000000001fbdf       0x3c ./Core/Src/it.o
 .debug_macro   0x000000000001fc1b       0x34 ./Core/Src/it.o
 .debug_macro   0x000000000001fc4f       0x16 ./Core/Src/it.o
 .debug_macro   0x000000000001fc65       0x35 ./Core/Src/it.o
 .debug_macro   0x000000000001fc9a      0x341 ./Core/Src/it.o
 .debug_macro   0x000000000001ffdb       0x10 ./Core/Src/it.o
 .debug_macro   0x000000000001ffeb       0x16 ./Core/Src/it.o
 .debug_macro   0x0000000000020001       0x43 ./Core/Src/it.o
 .debug_macro   0x0000000000020044       0x34 ./Core/Src/it.o
 .debug_macro   0x0000000000020078       0x10 ./Core/Src/it.o
 .debug_macro   0x0000000000020088       0x58 ./Core/Src/it.o
 .debug_macro   0x00000000000200e0       0x71 ./Core/Src/it.o
 .debug_macro   0x0000000000020151       0x1c ./Core/Src/it.o
 .debug_macro   0x000000000002016d      0x12a ./Core/Src/it.o
 .debug_macro   0x0000000000020297       0x10 ./Core/Src/it.o
 .debug_macro   0x00000000000202a7       0x1c ./Core/Src/it.o
 .debug_macro   0x00000000000202c3       0x52 ./Core/Src/it.o
 .debug_macro   0x0000000000020315       0x22 ./Core/Src/it.o
 .debug_macro   0x0000000000020337       0x10 ./Core/Src/it.o
 .debug_macro   0x0000000000020347       0x52 ./Core/Src/it.o
 .debug_macro   0x0000000000020399       0xd5 ./Core/Src/it.o
 .debug_macro   0x000000000002046e       0x1c ./Core/Src/it.o
 .debug_macro   0x000000000002048a       0x3d ./Core/Src/it.o
 .debug_macro   0x00000000000204c7       0x16 ./Core/Src/it.o
 .debug_macro   0x00000000000204dd      0x145 ./Core/Src/it.o
 .debug_macro   0x0000000000020622       0x16 ./Core/Src/it.o
 .debug_macro   0x0000000000020638       0x20 ./Core/Src/it.o
 .debug_macro   0x0000000000020658       0x22 ./Core/Src/it.o
 .debug_macro   0x000000000002067a      0x36c ./Core/Src/main.o
 .debug_macro   0x00000000000209e6      0x36c ./Core/Src/msp.o
 .debug_macro   0x0000000000020d52      0x1ce ./Core/Src/system_stm32f4xx.o
 .debug_macro   0x0000000000020f20      0x22e ./Drivers/STM32F4xx_HAL_Driver/Src/stm32f4xx_hal.o
 .debug_macro   0x000000000002114e      0x1ce ./Drivers/STM32F4xx_HAL_Driver/Src/stm32f4xx_hal_cortex.o
 .debug_macro   0x000000000002131c      0x1d4 ./Drivers/STM32F4xx_HAL_Driver/Src/stm32f4xx_hal_gpio.o
 .debug_macro   0x00000000000214f0      0x1f2 ./Drivers/STM32F4xx_HAL_Driver/Src/stm32f4xx_hal_rcc.o
 .debug_macro   0x00000000000216e2      0x1ce ./Drivers/STM32F4xx_HAL_Driver/Src/stm32f4xx_hal_rcc_ex.o
 .debug_macro   0x00000000000218b0      0x1cf ./Drivers/STM32F4xx_HAL_Driver/Src/stm32f4xx_hal_tim.o
 .debug_macro   0x0000000000021a7f      0x1ce ./Drivers/STM32F4xx_HAL_Driver/Src/stm32f4xx_hal_tim_ex.o
 .debug_macro   0x0000000000021c4d      0x1cf ./Drivers/STM32F4xx_HAL_Driver/Src/stm32f4xx_hal_uart.o

.debug_line     0x0000000000000000     0xe325
 .debug_line    0x0000000000000000      0x914 ./Core/Src/it.o
 .debug_line    0x0000000000000914      0xab3 ./Core/Src/main.o
 .debug_line    0x00000000000013c7      0x972 ./Core/Src/msp.o
 .debug_line    0x0000000000001d39      0x771 ./Core/Src/system_stm32f4xx.o
 .debug_line    0x00000000000024aa       0x88 ./Core/Startup/startup_stm32f446zetx.o
 .debug_line    0x0000000000002532      0x9d7 ./Drivers/STM32F4xx_HAL_Driver/Src/stm32f4xx_hal.o
 .debug_line    0x0000000000002f09      0xc86 ./Drivers/STM32F4xx_HAL_Driver/Src/stm32f4xx_hal_cortex.o
 .debug_line    0x0000000000003b8f      0xb37 ./Drivers/STM32F4xx_HAL_Driver/Src/stm32f4xx_hal_gpio.o
 .debug_line    0x00000000000046c6      0xd5d ./Drivers/STM32F4xx_HAL_Driver/Src/stm32f4xx_hal_rcc.o
 .debug_line    0x0000000000005423     0x13e7 ./Drivers/STM32F4xx_HAL_Driver/Src/stm32f4xx_hal_rcc_ex.o
 .debug_line    0x000000000000680a     0x36cb ./Drivers/STM32F4xx_HAL_Driver/Src/stm32f4xx_hal_tim.o
 .debug_line    0x0000000000009ed5     0x19d4 ./Drivers/STM32F4xx_HAL_Driver/Src/stm32f4xx_hal_tim_ex.o
 .debug_line    0x000000000000b8a9     0x2a7c ./Drivers/STM32F4xx_HAL_Driver/Src/stm32f4xx_hal_uart.o

.debug_str      0x0000000000000000    0xd05c0
 .debug_str     0x0000000000000000    0xccf96 ./Core/Src/it.o
                                      0xcd2c6 (size before relaxing)
 .debug_str     0x00000000000ccf96      0xb4b ./Core/Src/main.o
                                      0xcde26 (size before relaxing)
 .debug_str     0x00000000000cdae1       0xec ./Core/Src/msp.o
                                      0xcdc1a (size before relaxing)
 .debug_str     0x00000000000cdbcd       0x87 ./Core/Src/system_stm32f4xx.o
                                      0xc9108 (size before relaxing)
 .debug_str     0x00000000000cdc54       0x36 ./Core/Startup/startup_stm32f446zetx.o
                                         0x84 (size before relaxing)
 .debug_str     0x00000000000cdc8a      0x5e7 ./Drivers/STM32F4xx_HAL_Driver/Src/stm32f4xx_hal.o
                                      0xc9ccd (size before relaxing)
 .debug_str     0x00000000000ce271      0x32a ./Drivers/STM32F4xx_HAL_Driver/Src/stm32f4xx_hal_cortex.o
                                      0xc99db (size before relaxing)
 .debug_str     0x00000000000ce59b      0x16d ./Drivers/STM32F4xx_HAL_Driver/Src/stm32f4xx_hal_gpio.o
                                      0xc9283 (size before relaxing)
 .debug_str     0x00000000000ce708      0x25f ./Drivers/STM32F4xx_HAL_Driver/Src/stm32f4xx_hal_rcc.o
                                      0xc9541 (size before relaxing)
 .debug_str     0x00000000000ce967      0x324 ./Drivers/STM32F4xx_HAL_Driver/Src/stm32f4xx_hal_rcc_ex.o
                                      0xc9574 (size before relaxing)
 .debug_str     0x00000000000cec8b      0xe03 ./Drivers/STM32F4xx_HAL_Driver/Src/stm32f4xx_hal_tim.o
                                      0xca45d (size before relaxing)
 .debug_str     0x00000000000cfa8e      0x503 ./Drivers/STM32F4xx_HAL_Driver/Src/stm32f4xx_hal_tim_ex.o
                                      0xc9c79 (size before relaxing)
 .debug_str     0x00000000000cff91      0x62f ./Drivers/STM32F4xx_HAL_Driver/Src/stm32f4xx_hal_uart.o
                                      0xc9ab6 (size before relaxing)

.comment        0x0000000000000000       0x50
 .comment       0x0000000000000000       0x50 ./Core/Src/it.o
                                         0x51 (size before relaxing)
 .comment       0x0000000000000050       0x51 ./Core/Src/main.o
 .comment       0x0000000000000050       0x51 ./Core/Src/msp.o
 .comment       0x0000000000000050       0x51 ./Core/Src/system_stm32f4xx.o
 .comment       0x0000000000000050       0x51 ./Drivers/STM32F4xx_HAL_Driver/Src/stm32f4xx_hal.o
 .comment       0x0000000000000050       0x51 ./Drivers/STM32F4xx_HAL_Driver/Src/stm32f4xx_hal_cortex.o
 .comment       0x0000000000000050       0x51 ./Drivers/STM32F4xx_HAL_Driver/Src/stm32f4xx_hal_gpio.o
 .comment       0x0000000000000050       0x51 ./Drivers/STM32F4xx_HAL_Driver/Src/stm32f4xx_hal_rcc.o
 .comment       0x0000000000000050       0x51 ./Drivers/STM32F4xx_HAL_Driver/Src/stm32f4xx_hal_rcc_ex.o
 .comment       0x0000000000000050       0x51 ./Drivers/STM32F4xx_HAL_Driver/Src/stm32f4xx_hal_tim.o
 .comment       0x0000000000000050       0x51 ./Drivers/STM32F4xx_HAL_Driver/Src/stm32f4xx_hal_tim_ex.o
 .comment       0x0000000000000050       0x51 ./Drivers/STM32F4xx_HAL_Driver/Src/stm32f4xx_hal_uart.o

.debug_frame    0x0000000000000000     0x30c8
 .debug_frame   0x0000000000000000       0x48 ./Core/Src/it.o
 .debug_frame   0x0000000000000048       0xcc ./Core/Src/main.o
 .debug_frame   0x0000000000000114       0x74 ./Core/Src/msp.o
 .debug_frame   0x0000000000000188       0x58 ./Core/Src/system_stm32f4xx.o
 .debug_frame   0x00000000000001e0      0x374 ./Drivers/STM32F4xx_HAL_Driver/Src/stm32f4xx_hal.o
 .debug_frame   0x0000000000000554      0x498 ./Drivers/STM32F4xx_HAL_Driver/Src/stm32f4xx_hal_cortex.o
 .debug_frame   0x00000000000009ec      0x14c ./Drivers/STM32F4xx_HAL_Driver/Src/stm32f4xx_hal_gpio.o
 .debug_frame   0x0000000000000b38      0x1f4 ./Drivers/STM32F4xx_HAL_Driver/Src/stm32f4xx_hal_rcc.o
 .debug_frame   0x0000000000000d2c      0x1e8 ./Drivers/STM32F4xx_HAL_Driver/Src/stm32f4xx_hal_rcc_ex.o
 .debug_frame   0x0000000000000f14     0x11c4 ./Drivers/STM32F4xx_HAL_Driver/Src/stm32f4xx_hal_tim.o
 .debug_frame   0x00000000000020d8      0x638 ./Drivers/STM32F4xx_HAL_Driver/Src/stm32f4xx_hal_tim_ex.o
 .debug_frame   0x0000000000002710      0x92c ./Drivers/STM32F4xx_HAL_Driver/Src/stm32f4xx_hal_uart.o
 .debug_frame   0x000000000000303c       0x2c /Applications/STM32CubeIDE.app/Contents/Eclipse/plugins/com.st.stm32cube.ide.mcu.externaltools.gnu-tools-for-stm32.10.3-2021.10.macos64_1.0.100.202210260954/tools/bin/../lib/gcc/arm-none-eabi/10.3.1/../../../../arm-none-eabi/lib/thumb/v7e-m+fp/hard/libc_nano.a(lib_a-init.o)
 .debug_frame   0x0000000000003068       0x2c /Applications/STM32CubeIDE.app/Contents/Eclipse/plugins/com.st.stm32cube.ide.mcu.externaltools.gnu-tools-for-stm32.10.3-2021.10.macos64_1.0.100.202210260954/tools/bin/../lib/gcc/arm-none-eabi/10.3.1/thumb/v7e-m+fp/hard/libgcc.a(_aeabi_uldivmod.o)
 .debug_frame   0x0000000000003094       0x34 /Applications/STM32CubeIDE.app/Contents/Eclipse/plugins/com.st.stm32cube.ide.mcu.externaltools.gnu-tools-for-stm32.10.3-2021.10.macos64_1.0.100.202210260954/tools/bin/../lib/gcc/arm-none-eabi/10.3.1/thumb/v7e-m+fp/hard/libgcc.a(_udivmoddi4.o)
