20:13:17 **** Incremental Build of configuration Debug for project CAN_LoopBack ****
make -j3 all 
arm-none-eabi-gcc "../Core/Src/main.c" -mcpu=cortex-m4 -std=gnu11 -g3 -DDEBUG -DUSE_HAL_DRIVER -DSTM32F446xx -c -I../Core/Inc -I../Drivers/STM32F4xx_HAL_Driver/Inc -I../Drivers/STM32F4xx_HAL_Driver/Inc/Legacy -I../Drivers/CMSIS/Device/ST/STM32F4xx/Include -I../Drivers/CMSIS/Include -O0 -ffunction-sections -fdata-sections -Wall -fstack-usage -MMD -MP -MF"Core/Src/main.d" -MT"Core/Src/main.o" --specs=nano.specs -mfpu=fpv4-sp-d16 -mfloat-abi=hard -mthumb -o "Core/Src/main.o"
arm-none-eabi-gcc -o "CAN_LoopBack.elf" @"objects.list"   -mcpu=cortex-m4 -T"/Users/sscl/Desktop/m11003419/自學/MasterMCU2/my_masterMCU2/CAN_LoopBack/STM32F446ZETX_FLASH.ld" --specs=nosys.specs -Wl,-Map="CAN_LoopBack.map" -Wl,--gc-sections -static --specs=nano.specs -mfpu=fpv4-sp-d16 -mfloat-abi=hard -mthumb -Wl,--start-group -lc -lm -Wl,--end-group
Finished building target: CAN_LoopBack.elf
 
arm-none-eabi-size   CAN_LoopBack.elf 
arm-none-eabi-objdump -h -S  CAN_LoopBack.elf  > "CAN_LoopBack.list"
   text	   data	    bss	    dec	    hex	filename
  13096	    120	   1696	  14912	   3a40	CAN_LoopBack.elf
Finished building: default.size.stdout
 
Finished building: CAN_LoopBack.list
 

20:13:19 Build Finished. 0 errors, 0 warnings. (took 1s.772ms)

